// Jest Snapshot v1, https://goo.gl/fbAQLP

exports[`DatamonkeySeries should create an svg element 1`] = `
<div>
  <svg
    height={400}
    width={500}
  >
    <g
      transform="translate(50,10)"
    />
    <g
      className="hyphy-axis"
      style={null}
      transform="translate(50,370)"
    />
    <g
      className="hyphy-axis"
      style={null}
      transform="translate(45,10)"
    />
  </svg>
</div>
`;
